

================================================================
== Vitis HLS Report for 'correlator_Pipeline_VITIS_LOOP_52_1_VITIS_LOOP_53_2_VITIS_LOOP_54_3'
================================================================
* Date:           Sat Jan 10 14:44:58 2026

* Version:        2023.2 (Build 4023990 on Oct 11 2023)
* Project:        hls_correlator
* Solution:       hls (Vivado IP Flow Target)
* Product family: zynq
* Target device:  xc7z045-ffg900-2


================================================================
== Performance Estimates
================================================================
+ Timing: 
    * Summary: 
    +--------+----------+----------+------------+
    |  Clock |  Target  | Estimated| Uncertainty|
    +--------+----------+----------+------------+
    |ap_clk  |  10.00 ns|  5.916 ns|     2.70 ns|
    +--------+----------+----------+------------+

+ Latency: 
    * Summary: 
    +---------+---------+----------+----------+-------+-------+---------+
    |  Latency (cycles) |  Latency (absolute) |    Interval   | Pipeline|
    |   min   |   max   |    min   |    max   |  min  |  max  |   Type  |
    +---------+---------+----------+----------+-------+-------+---------+
    |    20482|    20482|  0.205 ms|  0.205 ms|  20482|  20482|       no|
    +---------+---------+----------+----------+-------+-------+---------+

    + Detail: 
        * Instance: 
        N/A

        * Loop: 
        +---------------------------------------------------+---------+---------+----------+-----------+-----------+-------+----------+
        |                                                   |  Latency (cycles) | Iteration|  Initiation Interval  |  Trip |          |
        |                     Loop Name                     |   min   |   max   |  Latency |  achieved |   target  | Count | Pipelined|
        +---------------------------------------------------+---------+---------+----------+-----------+-----------+-------+----------+
        |- VITIS_LOOP_52_1_VITIS_LOOP_53_2_VITIS_LOOP_54_3  |    20480|    20480|         2|          1|          1|  20480|       yes|
        +---------------------------------------------------+---------+---------+----------+-----------+-----------+-------+----------+



================================================================
== Utilization Estimates
================================================================
* Summary: 
+-----------------+---------+-----+--------+--------+-----+
|       Name      | BRAM_18K| DSP |   FF   |   LUT  | URAM|
+-----------------+---------+-----+--------+--------+-----+
|DSP              |        -|    -|       -|       -|    -|
|Expression       |        -|    -|       0|     145|    -|
|FIFO             |        -|    -|       -|       -|    -|
|Instance         |        -|    -|       -|       -|    -|
|Memory           |        -|    -|       -|       -|    -|
|Multiplexer      |        -|    -|       -|      72|    -|
|Register         |        -|    -|      66|       -|    -|
+-----------------+---------+-----+--------+--------+-----+
|Total            |        0|    0|      66|     217|    0|
+-----------------+---------+-----+--------+--------+-----+
|Available        |     1090|  900|  437200|  218600|    0|
+-----------------+---------+-----+--------+--------+-----+
|Utilization (%)  |        0|    0|      ~0|      ~0|    0|
+-----------------+---------+-----+--------+--------+-----+

+ Detail: 
    * Instance: 
    N/A

    * DSP: 
    N/A

    * Memory: 
    N/A

    * FIFO: 
    N/A

    * Expression: 
    +-------------------------+----------+----+---+----+------------+------------+
    |      Variable Name      | Operation| DSP| FF| LUT| Bitwidth P0| Bitwidth P1|
    +-------------------------+----------+----+---+----+------------+------------+
    |add_ln52_1_fu_529_p2     |         +|   0|  0|  15|          15|           1|
    |add_ln52_fu_544_p2       |         +|   0|  0|   3|           2|           1|
    |add_ln53_1_fu_642_p2     |         +|   0|  0|  15|          15|           1|
    |add_ln53_fu_594_p2       |         +|   0|  0|   6|           4|           1|
    |add_ln54_fu_636_p2       |         +|   0|  0|  11|          11|           1|
    |add_ln55_fu_630_p2       |         +|   0|  0|  11|          11|          11|
    |and_ln52_fu_576_p2       |       and|   0|  0|   1|           1|           1|
    |icmp_ln52_fu_523_p2      |      icmp|   0|  0|  15|          15|          15|
    |icmp_ln53_fu_550_p2      |      icmp|   0|  0|  15|          15|          14|
    |icmp_ln54_fu_570_p2      |      icmp|   0|  0|  12|          11|          12|
    |or_ln53_fu_600_p2        |        or|   0|  0|   1|           1|           1|
    |select_ln52_1_fu_582_p3  |    select|   0|  0|   2|           1|           2|
    |select_ln52_fu_556_p3    |    select|   0|  0|   4|           1|           1|
    |select_ln53_1_fu_614_p3  |    select|   0|  0|   4|           1|           4|
    |select_ln53_2_fu_648_p3  |    select|   0|  0|  15|           1|           1|
    |select_ln53_fu_606_p3    |    select|   0|  0|  11|           1|           1|
    |ap_enable_pp0            |       xor|   0|  0|   2|           1|           2|
    |xor_ln52_fu_564_p2       |       xor|   0|  0|   2|           1|           2|
    +-------------------------+----------+----+---+----+------------+------------+
    |Total                    |          |   0|  0| 145|         108|          72|
    +-------------------------+----------+----+---+----+------------+------------+

    * Multiplexer: 
    +-------------------------+----+-----------+-----+-----------+
    |           Name          | LUT| Input Size| Bits| Total Bits|
    +-------------------------+----+-----------+-----+-----------+
    |ap_done_int              |   9|          2|    1|          2|
    |ap_enable_reg_pp0_iter1  |   9|          2|    1|          2|
    |ap_enable_reg_pp0_iter2  |   9|          2|    1|          2|
    |b_fu_124                 |   9|          2|    2|          4|
    |f_fu_112                 |   9|          2|   11|         22|
    |indvar_flatten12_fu_128  |   9|          2|   15|         30|
    |indvar_flatten_fu_120    |   9|          2|   15|         30|
    |l_fu_116                 |   9|          2|    4|          8|
    +-------------------------+----+-----------+-----+-----------+
    |Total                    |  72|         16|   50|        100|
    +-------------------------+----+-----------+-----+-----------+

    * Register: 
    +-------------------------+----+----+-----+-----------+
    |           Name          | FF | LUT| Bits| Const Bits|
    +-------------------------+----+----+-----+-----------+
    |add_ln55_reg_746         |  11|   0|   11|          0|
    |ap_CS_fsm                |   1|   0|    1|          0|
    |ap_done_reg              |   1|   0|    1|          0|
    |ap_enable_reg_pp0_iter1  |   1|   0|    1|          0|
    |ap_enable_reg_pp0_iter2  |   1|   0|    1|          0|
    |b_fu_124                 |   2|   0|    2|          0|
    |f_fu_112                 |  11|   0|   11|          0|
    |indvar_flatten12_fu_128  |  15|   0|   15|          0|
    |indvar_flatten_fu_120    |  15|   0|   15|          0|
    |l_fu_116                 |   4|   0|    4|          0|
    |select_ln53_1_reg_742    |   4|   0|    4|          0|
    +-------------------------+----+----+-----+-----------+
    |Total                    |  66|   0|   66|          0|
    +-------------------------+----+----+-----+-----------+



================================================================
== Interface
================================================================
* Summary: 
+--------------------------------------------------------------------------------------+-----+-----+------------+-----------------------------------------------------------------------------+--------------+
|                                       RTL Ports                                      | Dir | Bits|  Protocol  |                                Source Object                                |    C Type    |
+--------------------------------------------------------------------------------------+-----+-----+------------+-----------------------------------------------------------------------------+--------------+
|ap_clk                                                                                |   in|    1|  ap_ctrl_hs|          correlator_Pipeline_VITIS_LOOP_52_1_VITIS_LOOP_53_2_VITIS_LOOP_54_3|  return value|
|ap_rst                                                                                |   in|    1|  ap_ctrl_hs|          correlator_Pipeline_VITIS_LOOP_52_1_VITIS_LOOP_53_2_VITIS_LOOP_54_3|  return value|
|ap_start                                                                              |   in|    1|  ap_ctrl_hs|          correlator_Pipeline_VITIS_LOOP_52_1_VITIS_LOOP_53_2_VITIS_LOOP_54_3|  return value|
|ap_done                                                                               |  out|    1|  ap_ctrl_hs|          correlator_Pipeline_VITIS_LOOP_52_1_VITIS_LOOP_53_2_VITIS_LOOP_54_3|  return value|
|ap_idle                                                                               |  out|    1|  ap_ctrl_hs|          correlator_Pipeline_VITIS_LOOP_52_1_VITIS_LOOP_53_2_VITIS_LOOP_54_3|  return value|
|ap_ready                                                                              |  out|    1|  ap_ctrl_hs|          correlator_Pipeline_VITIS_LOOP_52_1_VITIS_LOOP_53_2_VITIS_LOOP_54_3|  return value|
|correlator_stream_stream_stream_stream_stream_stream_stream_stream_strea_19_address1  |  out|   11|   ap_memory|  correlator_stream_stream_stream_stream_stream_stream_stream_stream_strea_19|         array|
|correlator_stream_stream_stream_stream_stream_stream_stream_stream_strea_19_ce1       |  out|    1|   ap_memory|  correlator_stream_stream_stream_stream_stream_stream_stream_stream_strea_19|         array|
|correlator_stream_stream_stream_stream_stream_stream_stream_stream_strea_19_we1       |  out|    1|   ap_memory|  correlator_stream_stream_stream_stream_stream_stream_stream_stream_strea_19|         array|
|correlator_stream_stream_stream_stream_stream_stream_stream_stream_strea_19_d1        |  out|   64|   ap_memory|  correlator_stream_stream_stream_stream_stream_stream_stream_stream_strea_19|         array|
|correlator_stream_stream_stream_stream_stream_stream_stream_stream_strea_17_address1  |  out|   11|   ap_memory|  correlator_stream_stream_stream_stream_stream_stream_stream_stream_strea_17|         array|
|correlator_stream_stream_stream_stream_stream_stream_stream_stream_strea_17_ce1       |  out|    1|   ap_memory|  correlator_stream_stream_stream_stream_stream_stream_stream_stream_strea_17|         array|
|correlator_stream_stream_stream_stream_stream_stream_stream_stream_strea_17_we1       |  out|    1|   ap_memory|  correlator_stream_stream_stream_stream_stream_stream_stream_stream_strea_17|         array|
|correlator_stream_stream_stream_stream_stream_stream_stream_stream_strea_17_d1        |  out|    1|   ap_memory|  correlator_stream_stream_stream_stream_stream_stream_stream_stream_strea_17|         array|
|correlator_stream_stream_stream_stream_stream_stream_stream_stream_strea_18_address1  |  out|   11|   ap_memory|  correlator_stream_stream_stream_stream_stream_stream_stream_stream_strea_18|         array|
|correlator_stream_stream_stream_stream_stream_stream_stream_stream_strea_18_ce1       |  out|    1|   ap_memory|  correlator_stream_stream_stream_stream_stream_stream_stream_stream_strea_18|         array|
|correlator_stream_stream_stream_stream_stream_stream_stream_stream_strea_18_we1       |  out|    1|   ap_memory|  correlator_stream_stream_stream_stream_stream_stream_stream_stream_strea_18|         array|
|correlator_stream_stream_stream_stream_stream_stream_stream_stream_strea_18_d1        |  out|   64|   ap_memory|  correlator_stream_stream_stream_stream_stream_stream_stream_stream_strea_18|         array|
|correlator_stream_stream_stream_stream_stream_stream_stream_stream_strea_16_address1  |  out|   11|   ap_memory|  correlator_stream_stream_stream_stream_stream_stream_stream_stream_strea_16|         array|
|correlator_stream_stream_stream_stream_stream_stream_stream_stream_strea_16_ce1       |  out|    1|   ap_memory|  correlator_stream_stream_stream_stream_stream_stream_stream_stream_strea_16|         array|
|correlator_stream_stream_stream_stream_stream_stream_stream_stream_strea_16_we1       |  out|    1|   ap_memory|  correlator_stream_stream_stream_stream_stream_stream_stream_stream_strea_16|         array|
|correlator_stream_stream_stream_stream_stream_stream_stream_stream_strea_16_d1        |  out|    1|   ap_memory|  correlator_stream_stream_stream_stream_stream_stream_stream_stream_strea_16|         array|
|correlator_stream_stream_stream_stream_stream_stream_stream_stream_strea_7_address1   |  out|   11|   ap_memory|   correlator_stream_stream_stream_stream_stream_stream_stream_stream_strea_7|         array|
|correlator_stream_stream_stream_stream_stream_stream_stream_stream_strea_7_ce1        |  out|    1|   ap_memory|   correlator_stream_stream_stream_stream_stream_stream_stream_stream_strea_7|         array|
|correlator_stream_stream_stream_stream_stream_stream_stream_stream_strea_7_we1        |  out|    1|   ap_memory|   correlator_stream_stream_stream_stream_stream_stream_stream_stream_strea_7|         array|
|correlator_stream_stream_stream_stream_stream_stream_stream_stream_strea_7_d1         |  out|   64|   ap_memory|   correlator_stream_stream_stream_stream_stream_stream_stream_stream_strea_7|         array|
|correlator_stream_stream_stream_stream_stream_stream_stream_stream_strea_15_address1  |  out|   11|   ap_memory|  correlator_stream_stream_stream_stream_stream_stream_stream_stream_strea_15|         array|
|correlator_stream_stream_stream_stream_stream_stream_stream_stream_strea_15_ce1       |  out|    1|   ap_memory|  correlator_stream_stream_stream_stream_stream_stream_stream_stream_strea_15|         array|
|correlator_stream_stream_stream_stream_stream_stream_stream_stream_strea_15_we1       |  out|    1|   ap_memory|  correlator_stream_stream_stream_stream_stream_stream_stream_stream_strea_15|         array|
|correlator_stream_stream_stream_stream_stream_stream_stream_stream_strea_15_d1        |  out|    1|   ap_memory|  correlator_stream_stream_stream_stream_stream_stream_stream_stream_strea_15|         array|
|correlator_stream_stream_stream_stream_stream_stream_stream_stream_strea_6_address1   |  out|   11|   ap_memory|   correlator_stream_stream_stream_stream_stream_stream_stream_stream_strea_6|         array|
|correlator_stream_stream_stream_stream_stream_stream_stream_stream_strea_6_ce1        |  out|    1|   ap_memory|   correlator_stream_stream_stream_stream_stream_stream_stream_stream_strea_6|         array|
|correlator_stream_stream_stream_stream_stream_stream_stream_stream_strea_6_we1        |  out|    1|   ap_memory|   correlator_stream_stream_stream_stream_stream_stream_stream_stream_strea_6|         array|
|correlator_stream_stream_stream_stream_stream_stream_stream_stream_strea_6_d1         |  out|   64|   ap_memory|   correlator_stream_stream_stream_stream_stream_stream_stream_stream_strea_6|         array|
|correlator_stream_stream_stream_stream_stream_stream_stream_stream_strea_14_address1  |  out|   11|   ap_memory|  correlator_stream_stream_stream_stream_stream_stream_stream_stream_strea_14|         array|
|correlator_stream_stream_stream_stream_stream_stream_stream_stream_strea_14_ce1       |  out|    1|   ap_memory|  correlator_stream_stream_stream_stream_stream_stream_stream_stream_strea_14|         array|
|correlator_stream_stream_stream_stream_stream_stream_stream_stream_strea_14_we1       |  out|    1|   ap_memory|  correlator_stream_stream_stream_stream_stream_stream_stream_stream_strea_14|         array|
|correlator_stream_stream_stream_stream_stream_stream_stream_stream_strea_14_d1        |  out|    1|   ap_memory|  correlator_stream_stream_stream_stream_stream_stream_stream_stream_strea_14|         array|
|correlator_stream_stream_stream_stream_stream_stream_stream_stream_strea_5_address1   |  out|   11|   ap_memory|   correlator_stream_stream_stream_stream_stream_stream_stream_stream_strea_5|         array|
|correlator_stream_stream_stream_stream_stream_stream_stream_stream_strea_5_ce1        |  out|    1|   ap_memory|   correlator_stream_stream_stream_stream_stream_stream_stream_stream_strea_5|         array|
|correlator_stream_stream_stream_stream_stream_stream_stream_stream_strea_5_we1        |  out|    1|   ap_memory|   correlator_stream_stream_stream_stream_stream_stream_stream_stream_strea_5|         array|
|correlator_stream_stream_stream_stream_stream_stream_stream_stream_strea_5_d1         |  out|   64|   ap_memory|   correlator_stream_stream_stream_stream_stream_stream_stream_stream_strea_5|         array|
|correlator_stream_stream_stream_stream_stream_stream_stream_stream_strea_13_address1  |  out|   11|   ap_memory|  correlator_stream_stream_stream_stream_stream_stream_stream_stream_strea_13|         array|
|correlator_stream_stream_stream_stream_stream_stream_stream_stream_strea_13_ce1       |  out|    1|   ap_memory|  correlator_stream_stream_stream_stream_stream_stream_stream_stream_strea_13|         array|
|correlator_stream_stream_stream_stream_stream_stream_stream_stream_strea_13_we1       |  out|    1|   ap_memory|  correlator_stream_stream_stream_stream_stream_stream_stream_stream_strea_13|         array|
|correlator_stream_stream_stream_stream_stream_stream_stream_stream_strea_13_d1        |  out|   64|   ap_memory|  correlator_stream_stream_stream_stream_stream_stream_stream_stream_strea_13|         array|
|correlator_stream_stream_stream_stream_stream_stream_stream_stream_strea_4_address1   |  out|   11|   ap_memory|   correlator_stream_stream_stream_stream_stream_stream_stream_stream_strea_4|         array|
|correlator_stream_stream_stream_stream_stream_stream_stream_stream_strea_4_ce1        |  out|    1|   ap_memory|   correlator_stream_stream_stream_stream_stream_stream_stream_stream_strea_4|         array|
|correlator_stream_stream_stream_stream_stream_stream_stream_stream_strea_4_we1        |  out|    1|   ap_memory|   correlator_stream_stream_stream_stream_stream_stream_stream_stream_strea_4|         array|
|correlator_stream_stream_stream_stream_stream_stream_stream_stream_strea_4_d1         |  out|   64|   ap_memory|   correlator_stream_stream_stream_stream_stream_stream_stream_stream_strea_4|         array|
|correlator_stream_stream_stream_stream_stream_stream_stream_stream_strea_12_address1  |  out|   11|   ap_memory|  correlator_stream_stream_stream_stream_stream_stream_stream_stream_strea_12|         array|
|correlator_stream_stream_stream_stream_stream_stream_stream_stream_strea_12_ce1       |  out|    1|   ap_memory|  correlator_stream_stream_stream_stream_stream_stream_stream_stream_strea_12|         array|
|correlator_stream_stream_stream_stream_stream_stream_stream_stream_strea_12_we1       |  out|    1|   ap_memory|  correlator_stream_stream_stream_stream_stream_stream_stream_stream_strea_12|         array|
|correlator_stream_stream_stream_stream_stream_stream_stream_stream_strea_12_d1        |  out|   64|   ap_memory|  correlator_stream_stream_stream_stream_stream_stream_stream_stream_strea_12|         array|
|correlator_stream_stream_stream_stream_stream_stream_stream_stream_strea_3_address1   |  out|   11|   ap_memory|   correlator_stream_stream_stream_stream_stream_stream_stream_stream_strea_3|         array|
|correlator_stream_stream_stream_stream_stream_stream_stream_stream_strea_3_ce1        |  out|    1|   ap_memory|   correlator_stream_stream_stream_stream_stream_stream_stream_stream_strea_3|         array|
|correlator_stream_stream_stream_stream_stream_stream_stream_stream_strea_3_we1        |  out|    1|   ap_memory|   correlator_stream_stream_stream_stream_stream_stream_stream_stream_strea_3|         array|
|correlator_stream_stream_stream_stream_stream_stream_stream_stream_strea_3_d1         |  out|   64|   ap_memory|   correlator_stream_stream_stream_stream_stream_stream_stream_stream_strea_3|         array|
|correlator_stream_stream_stream_stream_stream_stream_stream_stream_strea_11_address1  |  out|   11|   ap_memory|  correlator_stream_stream_stream_stream_stream_stream_stream_stream_strea_11|         array|
|correlator_stream_stream_stream_stream_stream_stream_stream_stream_strea_11_ce1       |  out|    1|   ap_memory|  correlator_stream_stream_stream_stream_stream_stream_stream_stream_strea_11|         array|
|correlator_stream_stream_stream_stream_stream_stream_stream_stream_strea_11_we1       |  out|    1|   ap_memory|  correlator_stream_stream_stream_stream_stream_stream_stream_stream_strea_11|         array|
|correlator_stream_stream_stream_stream_stream_stream_stream_stream_strea_11_d1        |  out|   64|   ap_memory|  correlator_stream_stream_stream_stream_stream_stream_stream_stream_strea_11|         array|
|correlator_stream_stream_stream_stream_stream_stream_stream_stream_strea_2_address1   |  out|   11|   ap_memory|   correlator_stream_stream_stream_stream_stream_stream_stream_stream_strea_2|         array|
|correlator_stream_stream_stream_stream_stream_stream_stream_stream_strea_2_ce1        |  out|    1|   ap_memory|   correlator_stream_stream_stream_stream_stream_stream_stream_stream_strea_2|         array|
|correlator_stream_stream_stream_stream_stream_stream_stream_stream_strea_2_we1        |  out|    1|   ap_memory|   correlator_stream_stream_stream_stream_stream_stream_stream_stream_strea_2|         array|
|correlator_stream_stream_stream_stream_stream_stream_stream_stream_strea_2_d1         |  out|   64|   ap_memory|   correlator_stream_stream_stream_stream_stream_stream_stream_stream_strea_2|         array|
|correlator_stream_stream_stream_stream_stream_stream_stream_stream_strea_10_address1  |  out|   11|   ap_memory|  correlator_stream_stream_stream_stream_stream_stream_stream_stream_strea_10|         array|
|correlator_stream_stream_stream_stream_stream_stream_stream_stream_strea_10_ce1       |  out|    1|   ap_memory|  correlator_stream_stream_stream_stream_stream_stream_stream_stream_strea_10|         array|
|correlator_stream_stream_stream_stream_stream_stream_stream_stream_strea_10_we1       |  out|    1|   ap_memory|  correlator_stream_stream_stream_stream_stream_stream_stream_stream_strea_10|         array|
|correlator_stream_stream_stream_stream_stream_stream_stream_stream_strea_10_d1        |  out|   64|   ap_memory|  correlator_stream_stream_stream_stream_stream_stream_stream_stream_strea_10|         array|
|correlator_stream_stream_stream_stream_stream_stream_stream_stream_strea_1_address1   |  out|   11|   ap_memory|   correlator_stream_stream_stream_stream_stream_stream_stream_stream_strea_1|         array|
|correlator_stream_stream_stream_stream_stream_stream_stream_stream_strea_1_ce1        |  out|    1|   ap_memory|   correlator_stream_stream_stream_stream_stream_stream_stream_stream_strea_1|         array|
|correlator_stream_stream_stream_stream_stream_stream_stream_stream_strea_1_we1        |  out|    1|   ap_memory|   correlator_stream_stream_stream_stream_stream_stream_stream_stream_strea_1|         array|
|correlator_stream_stream_stream_stream_stream_stream_stream_stream_strea_1_d1         |  out|   64|   ap_memory|   correlator_stream_stream_stream_stream_stream_stream_stream_stream_strea_1|         array|
|correlator_stream_stream_stream_stream_stream_stream_stream_stream_strea_9_address1   |  out|   11|   ap_memory|   correlator_stream_stream_stream_stream_stream_stream_stream_stream_strea_9|         array|
|correlator_stream_stream_stream_stream_stream_stream_stream_stream_strea_9_ce1        |  out|    1|   ap_memory|   correlator_stream_stream_stream_stream_stream_stream_stream_stream_strea_9|         array|
|correlator_stream_stream_stream_stream_stream_stream_stream_stream_strea_9_we1        |  out|    1|   ap_memory|   correlator_stream_stream_stream_stream_stream_stream_stream_stream_strea_9|         array|
|correlator_stream_stream_stream_stream_stream_stream_stream_stream_strea_9_d1         |  out|   64|   ap_memory|   correlator_stream_stream_stream_stream_stream_stream_stream_stream_strea_9|         array|
|correlator_stream_stream_stream_stream_stream_stream_stream_stream_strea_address1     |  out|   11|   ap_memory|     correlator_stream_stream_stream_stream_stream_stream_stream_stream_strea|         array|
|correlator_stream_stream_stream_stream_stream_stream_stream_stream_strea_ce1          |  out|    1|   ap_memory|     correlator_stream_stream_stream_stream_stream_stream_stream_stream_strea|         array|
|correlator_stream_stream_stream_stream_stream_stream_stream_stream_strea_we1          |  out|    1|   ap_memory|     correlator_stream_stream_stream_stream_stream_stream_stream_stream_strea|         array|
|correlator_stream_stream_stream_stream_stream_stream_stream_stream_strea_d1           |  out|   64|   ap_memory|     correlator_stream_stream_stream_stream_stream_stream_stream_stream_strea|         array|
|correlator_stream_stream_stream_stream_stream_stream_stream_stream_strea_8_address1   |  out|   11|   ap_memory|   correlator_stream_stream_stream_stream_stream_stream_stream_stream_strea_8|         array|
|correlator_stream_stream_stream_stream_stream_stream_stream_stream_strea_8_ce1        |  out|    1|   ap_memory|   correlator_stream_stream_stream_stream_stream_stream_stream_stream_strea_8|         array|
|correlator_stream_stream_stream_stream_stream_stream_stream_stream_strea_8_we1        |  out|    1|   ap_memory|   correlator_stream_stream_stream_stream_stream_stream_stream_stream_strea_8|         array|
|correlator_stream_stream_stream_stream_stream_stream_stream_stream_strea_8_d1         |  out|   64|   ap_memory|   correlator_stream_stream_stream_stream_stream_stream_stream_stream_strea_8|         array|
+--------------------------------------------------------------------------------------+-----+-----+------------+-----------------------------------------------------------------------------+--------------+

