#-----------------------------------------------------------
# Vivado v2023.2 (64-bit)
# SW Build 4029153 on Fri Oct 13 20:13:54 MDT 2023
# IP Build 4028589 on Sat Oct 14 00:45:43 MDT 2023
# SharedData Build 4025554 on Tue Oct 10 17:18:54 MDT 2023
# Start of session at: Sat Jan 10 13:46:16 2026
# Process ID: 13179
# Current directory: /home/brett/Documents/FX_Correlator
# Command line: vivado
# Log file: /home/brett/Documents/FX_Correlator/vivado.log
# Journal file: /home/brett/Documents/FX_Correlator/vivado.jou
# Running On: brett-System-Product-Name, OS: Linux, CPU Frequency: 5214.480 MHz, CPU Physical cores: 16, Host memory: 64925 MB
#-----------------------------------------------------------
start_gui
open_project /home/brett/Documents/FX_Correlator/hdl/projects/fmcomms5/zc706/fmcomms5_zc706.xpr
update_compile_order -fileset sources_1
open_bd_design {/home/brett/Documents/FX_Correlator/hdl/projects/fmcomms5/zc706/fmcomms5_zc706.srcs/sources_1/bd/system/system.bd}
startgroup
set_property -dict [list \
  CONFIG.NUM_OF_CHANNELS {20} \
  CONFIG.SAMPLE_DATA_WIDTH {64} \
] [get_bd_cells util_ad9361_adc_pack]
endgroup
save_bd_design
