

================================================================
== Synthesis Summary Report of 'pfb_multichannel'
================================================================
+ General Information: 
    * Date:           Tue Jan 13 14:19:45 2026
    * Version:        2023.2 (Build 4023990 on Oct 11 2023)
    * Project:        hls_pfb
    * Solution:       hls (Vivado IP Flow Target)
    * Product family: zynq
    * Target device:  xc7z045-ffg900-2
    

+ Performance & Resource Estimates: 
    
    PS: '+' for module; 'o' for loop; '*' for dataflow
    +--------------------+------+------+---------+-----------+----------+---------+------+----------+---------+---------+-----------+------------+-----+
    |       Modules      | Issue|      | Latency |  Latency  | Iteration|         | Trip |          |         |         |           |            |     |
    |       & Loops      | Type | Slack| (cycles)|    (ns)   |  Latency | Interval| Count| Pipelined|  BRAM   |   DSP   |     FF    |     LUT    | URAM|
    +--------------------+------+------+---------+-----------+----------+---------+------+----------+---------+---------+-----------+------------+-----+
    |+ pfb_multichannel  |     -|  0.00|     4168|  4.168e+04|         -|     4169|     -|        no|  38 (3%)|  32 (3%)|  7003 (1%)|  16256 (7%)|    -|
    +--------------------+------+------+---------+-----------+----------+---------+------+----------+---------+---------+-----------+------------+-----+


================================================================
== HW Interfaces
================================================================
* M_AXI
+------------+------------+---------------+---------+--------+----------+-----------+--------------+--------------+-------------+-------------+-------------------+
| Interface  | Data Width | Address Width | Latency | Offset | Register | Max Widen | Max Read     | Max Write    | Num Read    | Num Write   | Resource Estimate |
|            | (SW->HW)   |               |         |        |          | Bitwidth  | Burst Length | Burst Length | Outstanding | Outstanding |                   |
+------------+------------+---------------+---------+--------+----------+-----------+--------------+--------------+-------------+-------------+-------------------+
| m_axi_gmem | 16 -> 16   | 64            | 64      | slave  | 0        | 0         | 16           | 16           | 16          | 16          | BRAM=2            |
+------------+------------+---------------+---------+--------+----------+-----------+--------------+--------------+-------------+-------------+-------------------+

* S_AXILITE Interfaces
+-----------------+------------+---------------+--------+----------+
| Interface       | Data Width | Address Width | Offset | Register |
+-----------------+------------+---------------+--------+----------+
| s_axi_control   | 32         | 4             |        |          |
| s_axi_control_r | 32         | 5             | 16     | 0        |
+-----------------+------------+---------------+--------+----------+

* S_AXILITE Registers
+-----------------+----------+--------+-------+--------+----------------------------------+----------------------------------------------------------------------+
| Interface       | Register | Offset | Width | Access | Description                      | Bit Fields                                                           |
+-----------------+----------+--------+-------+--------+----------------------------------+----------------------------------------------------------------------+
| s_axi_control   | CTRL     | 0x00   | 32    | RW     | Control signals                  | 0=AP_START 1=AP_DONE 2=AP_IDLE 3=AP_READY 7=AUTO_RESTART 9=INTERRUPT |
| s_axi_control   | GIER     | 0x04   | 32    | RW     | Global Interrupt Enable Register | 0=Enable                                                             |
| s_axi_control   | IP_IER   | 0x08   | 32    | RW     | IP Interrupt Enable Register     | 0=CHAN0_INT_EN 1=CHAN1_INT_EN                                        |
| s_axi_control   | IP_ISR   | 0x0c   | 32    | RW     | IP Interrupt Status Register     | 0=CHAN0_INT_ST 1=CHAN1_INT_ST                                        |
| s_axi_control_r | coeff_1  | 0x10   | 32    | W      | Data signal of coeff             |                                                                      |
| s_axi_control_r | coeff_2  | 0x14   | 32    | W      | Data signal of coeff             |                                                                      |
+-----------------+----------+--------+-------+--------+----------------------------------+----------------------------------------------------------------------+

* AXIS
+-------------+-----------+---------------+-------+--------+--------+
| Interface   | Direction | Register Mode | TDATA | TREADY | TVALID |
+-------------+-----------+---------------+-------+--------+--------+
| din_data_i0 | in        | both          | 16    | 1      | 1      |
| din_data_i1 | in        | both          | 16    | 1      | 1      |
| din_data_i2 | in        | both          | 16    | 1      | 1      |
| din_data_i3 | in        | both          | 16    | 1      | 1      |
| din_data_q0 | in        | both          | 16    | 1      | 1      |
| din_data_q1 | in        | both          | 16    | 1      | 1      |
| din_data_q2 | in        | both          | 16    | 1      | 1      |
| din_data_q3 | in        | both          | 16    | 1      | 1      |
| dout_data_0 | out       | both          | 32    | 1      | 1      |
| dout_data_1 | out       | both          | 32    | 1      | 1      |
| dout_data_2 | out       | both          | 32    | 1      | 1      |
| dout_data_3 | out       | both          | 32    | 1      | 1      |
+-------------+-----------+---------------+-------+--------+--------+

* TOP LEVEL CONTROL
+-----------+------------+-----------+
| Interface | Type       | Ports     |
+-----------+------------+-----------+
| ap_clk    | clock      | ap_clk    |
| ap_rst_n  | reset      | ap_rst_n  |
| interrupt | interrupt  | interrupt |
| ap_ctrl   | ap_ctrl_hs |           |
+-----------+------------+-----------+


================================================================
== SW I/O Information
================================================================
* Top Function Arguments
+-------------+-----------+----------------------------------------------------+
| Argument    | Direction | Datatype                                           |
+-------------+-----------+----------------------------------------------------+
| din_data_i0 | in        | stream<ap_fixed<16, 1, AP_TRN, AP_SAT_SYM, 0>, 0>& |
| din_data_q0 | in        | stream<ap_fixed<16, 1, AP_TRN, AP_SAT_SYM, 0>, 0>& |
| din_data_i1 | in        | stream<ap_fixed<16, 1, AP_TRN, AP_SAT_SYM, 0>, 0>& |
| din_data_q1 | in        | stream<ap_fixed<16, 1, AP_TRN, AP_SAT_SYM, 0>, 0>& |
| din_data_i2 | in        | stream<ap_fixed<16, 1, AP_TRN, AP_SAT_SYM, 0>, 0>& |
| din_data_q2 | in        | stream<ap_fixed<16, 1, AP_TRN, AP_SAT_SYM, 0>, 0>& |
| din_data_i3 | in        | stream<ap_fixed<16, 1, AP_TRN, AP_SAT_SYM, 0>, 0>& |
| din_data_q3 | in        | stream<ap_fixed<16, 1, AP_TRN, AP_SAT_SYM, 0>, 0>& |
| dout_data_0 | out       | stream<ap_fixed<32, 1, AP_TRN, AP_WRAP, 0>, 0>&    |
| dout_data_1 | out       | stream<ap_fixed<32, 1, AP_TRN, AP_WRAP, 0>, 0>&    |
| dout_data_2 | out       | stream<ap_fixed<32, 1, AP_TRN, AP_WRAP, 0>, 0>&    |
| dout_data_3 | out       | stream<ap_fixed<32, 1, AP_TRN, AP_WRAP, 0>, 0>&    |
| coeff       | in        | ap_fixed<16, 1, AP_TRN, AP_WRAP, 0> const *        |
+-------------+-----------+----------------------------------------------------+

* SW-to-HW Mapping
+-------------+-----------------+-----------+----------+-----------------------------------+
| Argument    | HW Interface    | HW Type   | HW Usage | HW Info                           |
+-------------+-----------------+-----------+----------+-----------------------------------+
| din_data_i0 | din_data_i0     | interface |          |                                   |
| din_data_q0 | din_data_q0     | interface |          |                                   |
| din_data_i1 | din_data_i1     | interface |          |                                   |
| din_data_q1 | din_data_q1     | interface |          |                                   |
| din_data_i2 | din_data_i2     | interface |          |                                   |
| din_data_q2 | din_data_q2     | interface |          |                                   |
| din_data_i3 | din_data_i3     | interface |          |                                   |
| din_data_q3 | din_data_q3     | interface |          |                                   |
| dout_data_0 | dout_data_0     | interface |          |                                   |
| dout_data_1 | dout_data_1     | interface |          |                                   |
| dout_data_2 | dout_data_2     | interface |          |                                   |
| dout_data_3 | dout_data_3     | interface |          |                                   |
| coeff       | m_axi_gmem      | interface |          |                                   |
| coeff       | s_axi_control_r | register  | offset   | name=coeff_1 offset=0x10 range=32 |
| coeff       | s_axi_control_r | register  | offset   | name=coeff_2 offset=0x14 range=32 |
+-------------+-----------------+-----------+----------+-----------------------------------+


================================================================
== M_AXI Burst Information
================================================================
 Note: All burst requests might be further partitioned into multiple requests during RTL generation based on max_read_burst_length or max_write_burst_length settings.

* Inferred Burst Summary
+--------------+-----------+--------+-------+
| HW Interface | Direction | Length | Width |
+--------------+-----------+--------+-------+
| m_axi_gmem   | read      | 4096   | 16    |
+--------------+-----------+--------+-------+

* All M_AXI Variable Accesses
+--------------+----------+-----------------------------------------------------------------------+-----------+--------------+--------+------------+-------------------------------------------------------------------------------------------------------+
| HW Interface | Variable | Access Location                                                       | Direction | Burst Status | Length | Resolution | Problem                                                                                               |
+--------------+----------+-----------------------------------------------------------------------+-----------+--------------+--------+------------+-------------------------------------------------------------------------------------------------------+
| m_axi_gmem   | coeff    | /home/brett/Documents/FX_Correlator/hls/hls_pfb/pfb_compute.cpp:30:36 | read      | Widen Fail   |        | 214-353    | Could not widen since type i16 size is greater than or equal to the max_widen_bitwidth threshold of 0 |
| m_axi_gmem   | coeff    | /home/brett/Documents/FX_Correlator/hls/hls_pfb/pfb_compute.cpp:30:36 | read      | Inferred     | 4096   |            |                                                                                                       |
+--------------+----------+-----------------------------------------------------------------------+-----------+--------------+--------+------------+-------------------------------------------------------------------------------------------------------+

    * Resolution URL: docs.xilinx.com/access/sources/dita/topic?Doc_Version=2023.2%20English&url=ug1448-hls-guidance&resourceid=XXX-YYY.html (replace XXX-YYY with column value)

================================================================
== Bind Op Report
================================================================
+-------------------------------------+-----+--------+-----------------+-----+-----------+---------+
| Name                                | DSP | Pragma | Variable        | Op  | Impl      | Latency |
+-------------------------------------+-----+--------+-----------------+-----+-----------+---------+
| + pfb_multichannel                  | 32  |        |                 |     |           |         |
|   bank_selector_fu_13284_p2         |     |        | bank_selector   | add | fabric    | 0       |
|   bank_selector_2_fu_13296_p2       |     |        | bank_selector_2 | add | fabric    | 0       |
|   mul_16s_16s_32_1_1_U1             | 1   |        | mul_ln70        | mul | auto      | 0       |
|   mul_16s_16s_32_1_1_U2             | 1   |        | mul_ln71        | mul | auto      | 0       |
|   mac_muladd_16s_16s_33s_33_4_1_U43 | 1   |        | mul_ln70_1      | mul | dsp_slice | 3       |
|   mac_muladd_16s_16s_32s_33_4_1_U41 | 1   |        | mul_ln70_2      | mul | dsp_slice | 3       |
|   mac_muladd_16s_16s_32s_33_4_1_U41 | 1   |        | add_ln70_1      | add | dsp_slice | 3       |
|   mac_muladd_16s_16s_33s_33_4_1_U43 | 1   |        | add_ln70        | add | dsp_slice | 3       |
|   mac_muladd_16s_16s_33s_33_4_1_U44 | 1   |        | mul_ln71_1      | mul | dsp_slice | 3       |
|   mac_muladd_16s_16s_32s_33_4_1_U42 | 1   |        | mul_ln71_2      | mul | dsp_slice | 3       |
|   mac_muladd_16s_16s_32s_33_4_1_U42 | 1   |        | add_ln71_1      | add | dsp_slice | 3       |
|   mac_muladd_16s_16s_33s_33_4_1_U44 | 1   |        | add_ln71        | add | dsp_slice | 3       |
|   mul_16s_16s_32_1_1_U9             | 1   |        | mul_ln70_3      | mul | auto      | 0       |
|   acc_i_fu_13537_p2                 |     |        | acc_i           | add | fabric    | 0       |
|   mul_16s_16s_32_1_1_U10            | 1   |        | mul_ln71_3      | mul | auto      | 0       |
|   acc_q_fu_13554_p2                 |     |        | acc_q           | add | fabric    | 0       |
|   mul_16s_16s_32_1_1_U11            | 1   |        | mul_ln70_4      | mul | auto      | 0       |
|   mul_16s_16s_32_1_1_U12            | 1   |        | mul_ln71_4      | mul | auto      | 0       |
|   mac_muladd_16s_16s_33s_33_4_1_U47 | 1   |        | mul_ln70_5      | mul | dsp_slice | 3       |
|   mac_muladd_16s_16s_32s_33_4_1_U45 | 1   |        | mul_ln70_6      | mul | dsp_slice | 3       |
|   mac_muladd_16s_16s_32s_33_4_1_U45 | 1   |        | add_ln70_5      | add | dsp_slice | 3       |
|   mac_muladd_16s_16s_33s_33_4_1_U47 | 1   |        | add_ln70_2      | add | dsp_slice | 3       |
|   mac_muladd_16s_16s_33s_33_4_1_U48 | 1   |        | mul_ln71_5      | mul | dsp_slice | 3       |
|   mac_muladd_16s_16s_32s_33_4_1_U46 | 1   |        | mul_ln71_6      | mul | dsp_slice | 3       |
|   mac_muladd_16s_16s_32s_33_4_1_U46 | 1   |        | add_ln71_5      | add | dsp_slice | 3       |
|   mac_muladd_16s_16s_33s_33_4_1_U48 | 1   |        | add_ln71_2      | add | dsp_slice | 3       |
|   mul_16s_16s_32_1_1_U19            | 1   |        | mul_ln70_7      | mul | auto      | 0       |
|   acc_i_3_fu_14039_p2               |     |        | acc_i_3         | add | fabric    | 0       |
|   mul_16s_16s_32_1_1_U20            | 1   |        | mul_ln71_7      | mul | auto      | 0       |
|   acc_q_3_fu_14056_p2               |     |        | acc_q_3         | add | fabric    | 0       |
|   mul_16s_16s_32_1_1_U21            | 1   |        | mul_ln70_8      | mul | auto      | 0       |
|   mul_16s_16s_32_1_1_U22            | 1   |        | mul_ln71_8      | mul | auto      | 0       |
|   mac_muladd_16s_16s_33s_33_4_1_U51 | 1   |        | mul_ln70_9      | mul | dsp_slice | 3       |
|   mac_muladd_16s_16s_32s_33_4_1_U49 | 1   |        | mul_ln70_10     | mul | dsp_slice | 3       |
|   mac_muladd_16s_16s_32s_33_4_1_U49 | 1   |        | add_ln70_8      | add | dsp_slice | 3       |
|   mac_muladd_16s_16s_33s_33_4_1_U51 | 1   |        | add_ln70_4      | add | dsp_slice | 3       |
|   mac_muladd_16s_16s_33s_33_4_1_U52 | 1   |        | mul_ln71_9      | mul | dsp_slice | 3       |
|   mac_muladd_16s_16s_32s_33_4_1_U50 | 1   |        | mul_ln71_10     | mul | dsp_slice | 3       |
|   mac_muladd_16s_16s_32s_33_4_1_U50 | 1   |        | add_ln71_8      | add | dsp_slice | 3       |
|   mac_muladd_16s_16s_33s_33_4_1_U52 | 1   |        | add_ln71_4      | add | dsp_slice | 3       |
|   mul_16s_16s_32_1_1_U29            | 1   |        | mul_ln70_11     | mul | auto      | 0       |
|   acc_i_5_fu_14541_p2               |     |        | acc_i_5         | add | fabric    | 0       |
|   mul_16s_16s_32_1_1_U30            | 1   |        | mul_ln71_11     | mul | auto      | 0       |
|   acc_q_5_fu_14558_p2               |     |        | acc_q_5         | add | fabric    | 0       |
|   mul_16s_16s_32_1_1_U31            | 1   |        | mul_ln70_12     | mul | auto      | 0       |
|   mul_16s_16s_32_1_1_U32            | 1   |        | mul_ln71_12     | mul | auto      | 0       |
|   mac_muladd_16s_16s_33s_33_4_1_U55 | 1   |        | mul_ln70_13     | mul | dsp_slice | 3       |
|   mac_muladd_16s_16s_32s_33_4_1_U53 | 1   |        | mul_ln70_14     | mul | dsp_slice | 3       |
|   mac_muladd_16s_16s_32s_33_4_1_U53 | 1   |        | add_ln70_10     | add | dsp_slice | 3       |
|   mac_muladd_16s_16s_33s_33_4_1_U55 | 1   |        | add_ln70_6      | add | dsp_slice | 3       |
|   mac_muladd_16s_16s_33s_33_4_1_U56 | 1   |        | mul_ln71_13     | mul | dsp_slice | 3       |
|   mac_muladd_16s_16s_32s_33_4_1_U54 | 1   |        | mul_ln71_14     | mul | dsp_slice | 3       |
|   mac_muladd_16s_16s_32s_33_4_1_U54 | 1   |        | add_ln71_10     | add | dsp_slice | 3       |
|   mac_muladd_16s_16s_33s_33_4_1_U56 | 1   |        | add_ln71_6      | add | dsp_slice | 3       |
|   mul_16s_16s_32_1_1_U39            | 1   |        | mul_ln70_15     | mul | auto      | 0       |
|   acc_i_7_fu_15043_p2               |     |        | acc_i_7         | add | fabric    | 0       |
|   mul_16s_16s_32_1_1_U40            | 1   |        | mul_ln71_15     | mul | auto      | 0       |
|   acc_q_7_fu_15060_p2               |     |        | acc_q_7         | add | fabric    | 0       |
|   add_ln85_fu_15340_p2              |     |        | add_ln85        | add | fabric    | 0       |
+-------------------------------------+-----+--------+-----------------+-----+-----------+---------+


================================================================
== Storage Report
================================================================
+--------------------------------------------------------------------+------------+-----------+------+------+--------+----------------------------------------------------------------+------+---------+------------------+
| Name                                                               | Usage      | Type      | BRAM | URAM | Pragma | Variable                                                       | Impl | Latency | Bitwidth, Depth, |
|                                                                    |            |           |      |      |        |                                                                |      |         | Banks            |
+--------------------------------------------------------------------+------------+-----------+------+------+--------+----------------------------------------------------------------+------+---------+------------------+
| + pfb_multichannel                                                 |            |           | 38   | 0    |        |                                                                |      |         |                  |
|   control_s_axi_U                                                  | interface  | s_axilite |      |      |        |                                                                |      |         |                  |
|   control_r_s_axi_U                                                | interface  | s_axilite |      |      |        |                                                                |      |         |                  |
|   gmem_m_axi_U                                                     | interface  | m_axi     | 2    |      |        |                                                                |      |         |                  |
|   stream_read_to_compute_fifo_U                                    | fifo array |           |      |      |        | stream_read_to_compute                                         | srl  | 0       | 128, 2, 1        |
|   stream_compute_to_fft_fifo_U                                     | fifo array |           |      |      |        | stream_compute_to_fft                                          | srl  | 0       | 128, 2, 1        |
|   compute_pfb_stream_stream_ap_fixed_const_bool_local_coeffs_3_U   | ram_1p     |           | 1    |      |        | compute_pfb_stream_stream_ap_fixed_const_bool_local_coeffs_3   | auto | 1       | 16, 1024, 1      |
|   compute_pfb_stream_stream_ap_fixed_const_bool_local_coeffs_2_U   | ram_1p     |           | 1    |      |        | compute_pfb_stream_stream_ap_fixed_const_bool_local_coeffs_2   | auto | 1       | 16, 1024, 1      |
|   compute_pfb_stream_stream_ap_fixed_const_bool_local_coeffs_1_U   | ram_1p     |           | 1    |      |        | compute_pfb_stream_stream_ap_fixed_const_bool_local_coeffs_1   | auto | 1       | 16, 1024, 1      |
|   compute_pfb_stream_stream_ap_fixed_const_bool_local_coeffs_U     | ram_1p     |           | 1    |      |        | compute_pfb_stream_stream_ap_fixed_const_bool_local_coeffs     | auto | 1       | 16, 1024, 1      |
|   compute_pfb_stream_stream_ap_fixed_const_bool_branch_memory_31_U | ram_1p     |           | 1    |      | pragma | compute_pfb_stream_stream_ap_fixed_const_bool_branch_memory_31 | bram | 1       | 16, 1024, 1      |
|   compute_pfb_stream_stream_ap_fixed_const_bool_branch_memory_23_U | ram_1p     |           | 1    |      | pragma | compute_pfb_stream_stream_ap_fixed_const_bool_branch_memory_23 | bram | 1       | 16, 1024, 1      |
|   compute_pfb_stream_stream_ap_fixed_const_bool_branch_memory_30_U | ram_1p     |           | 1    |      | pragma | compute_pfb_stream_stream_ap_fixed_const_bool_branch_memory_30 | bram | 1       | 16, 1024, 1      |
|   compute_pfb_stream_stream_ap_fixed_const_bool_branch_memory_22_U | ram_1p     |           | 1    |      | pragma | compute_pfb_stream_stream_ap_fixed_const_bool_branch_memory_22 | bram | 1       | 16, 1024, 1      |
|   compute_pfb_stream_stream_ap_fixed_const_bool_branch_memory_19_U | ram_1p     |           | 1    |      | pragma | compute_pfb_stream_stream_ap_fixed_const_bool_branch_memory_19 | bram | 1       | 16, 1024, 1      |
|   compute_pfb_stream_stream_ap_fixed_const_bool_branch_memory_21_U | ram_1p     |           | 1    |      | pragma | compute_pfb_stream_stream_ap_fixed_const_bool_branch_memory_21 | bram | 1       | 16, 1024, 1      |
|   compute_pfb_stream_stream_ap_fixed_const_bool_branch_memory_8_U  | ram_1p     |           | 1    |      | pragma | compute_pfb_stream_stream_ap_fixed_const_bool_branch_memory_8  | bram | 1       | 16, 1024, 1      |
|   compute_pfb_stream_stream_ap_fixed_const_bool_branch_memory_20_U | ram_1p     |           | 1    |      | pragma | compute_pfb_stream_stream_ap_fixed_const_bool_branch_memory_20 | bram | 1       | 16, 1024, 1      |
|   compute_pfb_stream_stream_ap_fixed_const_bool_branch_memory_5_U  | ram_1p     |           | 1    |      | pragma | compute_pfb_stream_stream_ap_fixed_const_bool_branch_memory_5  | bram | 1       | 16, 1024, 1      |
|   compute_pfb_stream_stream_ap_fixed_const_bool_branch_memory_18_U | ram_1p     |           | 1    |      | pragma | compute_pfb_stream_stream_ap_fixed_const_bool_branch_memory_18 | bram | 1       | 16, 1024, 1      |
|   compute_pfb_stream_stream_ap_fixed_const_bool_branch_memory_4_U  | ram_1p     |           | 1    |      | pragma | compute_pfb_stream_stream_ap_fixed_const_bool_branch_memory_4  | bram | 1       | 16, 1024, 1      |
|   compute_pfb_stream_stream_ap_fixed_const_bool_branch_memory_17_U | ram_1p     |           | 1    |      | pragma | compute_pfb_stream_stream_ap_fixed_const_bool_branch_memory_17 | bram | 1       | 16, 1024, 1      |
|   compute_pfb_stream_stream_ap_fixed_const_bool_branch_memory_3_U  | ram_1p     |           | 1    |      | pragma | compute_pfb_stream_stream_ap_fixed_const_bool_branch_memory_3  | bram | 1       | 16, 1024, 1      |
|   compute_pfb_stream_stream_ap_fixed_const_bool_branch_memory_16_U | ram_1p     |           | 1    |      | pragma | compute_pfb_stream_stream_ap_fixed_const_bool_branch_memory_16 | bram | 1       | 16, 1024, 1      |
|   compute_pfb_stream_stream_ap_fixed_const_bool_branch_memory_2_U  | ram_1p     |           | 1    |      | pragma | compute_pfb_stream_stream_ap_fixed_const_bool_branch_memory_2  | bram | 1       | 16, 1024, 1      |
|   compute_pfb_stream_stream_ap_fixed_const_bool_branch_memory_15_U | ram_1p     |           | 1    |      | pragma | compute_pfb_stream_stream_ap_fixed_const_bool_branch_memory_15 | bram | 1       | 16, 1024, 1      |
|   compute_pfb_stream_stream_ap_fixed_const_bool_branch_memory_1_U  | ram_1p     |           | 1    |      | pragma | compute_pfb_stream_stream_ap_fixed_const_bool_branch_memory_1  | bram | 1       | 16, 1024, 1      |
|   compute_pfb_stream_stream_ap_fixed_const_bool_branch_memory_14_U | ram_1p     |           | 1    |      | pragma | compute_pfb_stream_stream_ap_fixed_const_bool_branch_memory_14 | bram | 1       | 16, 1024, 1      |
|   compute_pfb_stream_stream_ap_fixed_const_bool_branch_memory_U    | ram_1p     |           | 1    |      | pragma | compute_pfb_stream_stream_ap_fixed_const_bool_branch_memory    | bram | 1       | 16, 1024, 1      |
|   compute_pfb_stream_stream_ap_fixed_const_bool_branch_memory_13_U | ram_1p     |           | 1    |      | pragma | compute_pfb_stream_stream_ap_fixed_const_bool_branch_memory_13 | bram | 1       | 16, 1024, 1      |
|   compute_pfb_stream_stream_ap_fixed_const_bool_branch_memory_29_U | ram_1p     |           | 1    |      | pragma | compute_pfb_stream_stream_ap_fixed_const_bool_branch_memory_29 | bram | 1       | 16, 1024, 1      |
|   compute_pfb_stream_stream_ap_fixed_const_bool_branch_memory_12_U | ram_1p     |           | 1    |      | pragma | compute_pfb_stream_stream_ap_fixed_const_bool_branch_memory_12 | bram | 1       | 16, 1024, 1      |
|   compute_pfb_stream_stream_ap_fixed_const_bool_branch_memory_28_U | ram_1p     |           | 1    |      | pragma | compute_pfb_stream_stream_ap_fixed_const_bool_branch_memory_28 | bram | 1       | 16, 1024, 1      |
|   compute_pfb_stream_stream_ap_fixed_const_bool_branch_memory_11_U | ram_1p     |           | 1    |      | pragma | compute_pfb_stream_stream_ap_fixed_const_bool_branch_memory_11 | bram | 1       | 16, 1024, 1      |
|   compute_pfb_stream_stream_ap_fixed_const_bool_branch_memory_27_U | ram_1p     |           | 1    |      | pragma | compute_pfb_stream_stream_ap_fixed_const_bool_branch_memory_27 | bram | 1       | 16, 1024, 1      |
|   compute_pfb_stream_stream_ap_fixed_const_bool_branch_memory_10_U | ram_1p     |           | 1    |      | pragma | compute_pfb_stream_stream_ap_fixed_const_bool_branch_memory_10 | bram | 1       | 16, 1024, 1      |
|   compute_pfb_stream_stream_ap_fixed_const_bool_branch_memory_26_U | ram_1p     |           | 1    |      | pragma | compute_pfb_stream_stream_ap_fixed_const_bool_branch_memory_26 | bram | 1       | 16, 1024, 1      |
|   compute_pfb_stream_stream_ap_fixed_const_bool_branch_memory_9_U  | ram_1p     |           | 1    |      | pragma | compute_pfb_stream_stream_ap_fixed_const_bool_branch_memory_9  | bram | 1       | 16, 1024, 1      |
|   compute_pfb_stream_stream_ap_fixed_const_bool_branch_memory_25_U | ram_1p     |           | 1    |      | pragma | compute_pfb_stream_stream_ap_fixed_const_bool_branch_memory_25 | bram | 1       | 16, 1024, 1      |
|   compute_pfb_stream_stream_ap_fixed_const_bool_branch_memory_7_U  | ram_1p     |           | 1    |      | pragma | compute_pfb_stream_stream_ap_fixed_const_bool_branch_memory_7  | bram | 1       | 16, 1024, 1      |
|   compute_pfb_stream_stream_ap_fixed_const_bool_branch_memory_24_U | ram_1p     |           | 1    |      | pragma | compute_pfb_stream_stream_ap_fixed_const_bool_branch_memory_24 | bram | 1       | 16, 1024, 1      |
|   compute_pfb_stream_stream_ap_fixed_const_bool_branch_memory_6_U  | ram_1p     |           | 1    |      | pragma | compute_pfb_stream_stream_ap_fixed_const_bool_branch_memory_6  | bram | 1       | 16, 1024, 1      |
+--------------------------------------------------------------------+------------+-----------+------+------+--------+----------------------------------------------------------------+------+---------+------------------+


================================================================
== Pragma Report
================================================================
* Valid Pragma Syntax
+-----------------+-----------------------------------------------------------------+--------------------------------------------------+
| Type            | Options                                                         | Location                                         |
+-----------------+-----------------------------------------------------------------+--------------------------------------------------+
| inline          |                                                                 | pfb_compute.cpp:9 in compute_pfb                 |
| array_partition | variable=branch_memory complete dim=1                           | pfb_compute.cpp:13 in compute_pfb, branch_memory |
| array_partition | variable=branch_memory complete dim=2                           | pfb_compute.cpp:14 in compute_pfb, branch_memory |
| bind_storage    | variable=branch_memory type=RAM_1P impl=BRAM                    | pfb_compute.cpp:15 in compute_pfb, branch_memory |
| array_partition | variable=local_coeffs complete dim=1                            | pfb_compute.cpp:22 in compute_pfb, local_coeffs  |
| unroll          |                                                                 | pfb_compute.cpp:43 in compute_pfb                |
| unroll          |                                                                 | pfb_compute.cpp:54 in compute_pfb                |
| interface       | ap_ctrl_hs port=return                                          | pfb_fft.cpp:8 in fft, return                     |
| dataflow        |                                                                 | pfb_fft.cpp:9 in fft                             |
| stream          | variable=ch0_in depth=1024                                      | pfb_fft.cpp:16 in fft, ch0_in                    |
| stream          | variable=ch0_out depth=1024                                     | pfb_fft.cpp:17 in fft, ch0_out                   |
| stream          | variable=ch1_in depth=1024                                      | pfb_fft.cpp:18 in fft, ch1_in                    |
| stream          | variable=ch1_out depth=1024                                     | pfb_fft.cpp:19 in fft, ch1_out                   |
| stream          | variable=ch2_in depth=1024                                      | pfb_fft.cpp:20 in fft, ch2_in                    |
| stream          | variable=ch2_out depth=1024                                     | pfb_fft.cpp:21 in fft, ch2_out                   |
| stream          | variable=ch3_in depth=1024                                      | pfb_fft.cpp:22 in fft, ch3_in                    |
| stream          | variable=ch3_out depth=1024                                     | pfb_fft.cpp:23 in fft, ch3_out                   |
| interface       | ap_ctrl_hs port=return                                          | pfb_helper.cpp:10 in capture_status, return      |
| interface       | ap_ctrl_hs port=return                                          | pfb_helper.cpp:26 in init_fft_config, return     |
| inline          |                                                                 | pfb_io.cpp:10 in read_inputs                     |
| inline          |                                                                 | pfb_io.cpp:30 in write_outputs                   |
| inline          |                                                                 | pfb_io.cpp:60 in unpack                          |
| inline          |                                                                 | pfb_io.cpp:75 in repack                          |
| interface       | axis port=din_data_i0                                           | pfb_top.cpp:16 in pfb_multichannel, din_data_i0  |
| interface       | axis port=din_data_q0                                           | pfb_top.cpp:17 in pfb_multichannel, din_data_q0  |
| interface       | axis port=din_data_i1                                           | pfb_top.cpp:18 in pfb_multichannel, din_data_i1  |
| interface       | axis port=din_data_q1                                           | pfb_top.cpp:19 in pfb_multichannel, din_data_q1  |
| interface       | axis port=din_data_i2                                           | pfb_top.cpp:20 in pfb_multichannel, din_data_i2  |
| interface       | axis port=din_data_q2                                           | pfb_top.cpp:21 in pfb_multichannel, din_data_q2  |
| interface       | axis port=din_data_i3                                           | pfb_top.cpp:22 in pfb_multichannel, din_data_i3  |
| interface       | axis port=din_data_q3                                           | pfb_top.cpp:23 in pfb_multichannel, din_data_q3  |
| interface       | axis port=dout_data_0                                           | pfb_top.cpp:25 in pfb_multichannel, dout_data_0  |
| interface       | axis port=dout_data_1                                           | pfb_top.cpp:26 in pfb_multichannel, dout_data_1  |
| interface       | axis port=dout_data_2                                           | pfb_top.cpp:27 in pfb_multichannel, dout_data_2  |
| interface       | axis port=dout_data_3                                           | pfb_top.cpp:28 in pfb_multichannel, dout_data_3  |
| interface       | m_axi port=coeff offset=slave bundle=gmem depth=4096 latency=64 | pfb_top.cpp:30 in pfb_multichannel, coeff        |
| interface       | s_axilite port=return bundle=control                            | pfb_top.cpp:31 in pfb_multichannel, return       |
| pipeline        | II=1                                                            | pfb_top.cpp:34 in pfb_multichannel               |
+-----------------+-----------------------------------------------------------------+--------------------------------------------------+


